[debug] [2025-02-04T22:34:50.609Z] ----------------------------------------------------------------------
[debug] [2025-02-04T22:34:50.612Z] Command:       C:\Program Files\nodejs\node.exe C:\Users\darts\AppData\Roaming\npm\node_modules\firebase-tools\lib\bin\firebase.js deploy
[debug] [2025-02-04T22:34:50.613Z] CLI Version:   13.29.3
[debug] [2025-02-04T22:34:50.613Z] Platform:      win32
[debug] [2025-02-04T22:34:50.613Z] Node Version:  v20.11.0
[debug] [2025-02-04T22:34:50.613Z] Time:          Tue Feb 04 2025 16:34:50 GMT-0600 (hora estándar central)
[debug] [2025-02-04T22:34:50.613Z] ----------------------------------------------------------------------
[debug] 
[debug] [2025-02-04T22:34:50.852Z] > command requires scopes: ["email","openid","https://www.googleapis.com/auth/cloudplatformprojects.readonly","https://www.googleapis.com/auth/firebase","https://www.googleapis.com/auth/cloud-platform"]
[debug] [2025-02-04T22:34:50.852Z] > authorizing via signed-in user (socialshinka@gmail.com)
[debug] [2025-02-04T22:34:50.852Z] [iam] checking project calificaciones-7d23b for permissions ["firebase.projects.get","firebasehosting.sites.update"]
[debug] [2025-02-04T22:34:50.854Z] Checked if tokens are valid: true, expires at: 1738709632181
[debug] [2025-02-04T22:34:50.854Z] Checked if tokens are valid: true, expires at: 1738709632181
[debug] [2025-02-04T22:34:50.855Z] >>> [apiv2][query] POST https://cloudresourcemanager.googleapis.com/v1/projects/calificaciones-7d23b:testIamPermissions [none]
[debug] [2025-02-04T22:34:50.855Z] >>> [apiv2][(partial)header] POST https://cloudresourcemanager.googleapis.com/v1/projects/calificaciones-7d23b:testIamPermissions x-goog-quota-user=projects/calificaciones-7d23b
[debug] [2025-02-04T22:34:50.855Z] >>> [apiv2][body] POST https://cloudresourcemanager.googleapis.com/v1/projects/calificaciones-7d23b:testIamPermissions {"permissions":["firebase.projects.get","firebasehosting.sites.update"]}
[debug] [2025-02-04T22:34:51.395Z] <<< [apiv2][status] POST https://cloudresourcemanager.googleapis.com/v1/projects/calificaciones-7d23b:testIamPermissions 200
[debug] [2025-02-04T22:34:51.395Z] <<< [apiv2][body] POST https://cloudresourcemanager.googleapis.com/v1/projects/calificaciones-7d23b:testIamPermissions {}
[debug] [2025-02-04T22:34:51.395Z] [iam] error while checking permissions, command may fail: Authorization failed. This account is missing the following required permissions on project calificaciones-7d23b:

  firebase.projects.get
  firebasehosting.sites.update
[debug] [2025-02-04T22:34:51.396Z] Checked if tokens are valid: true, expires at: 1738709632181
[debug] [2025-02-04T22:34:51.396Z] Checked if tokens are valid: true, expires at: 1738709632181
[debug] [2025-02-04T22:34:51.396Z] >>> [apiv2][query] GET https://firebase.googleapis.com/v1beta1/projects/calificaciones-7d23b [none]
[debug] [2025-02-04T22:34:51.581Z] <<< [apiv2][status] GET https://firebase.googleapis.com/v1beta1/projects/calificaciones-7d23b 403
[debug] [2025-02-04T22:34:51.581Z] <<< [apiv2][body] GET https://firebase.googleapis.com/v1beta1/projects/calificaciones-7d23b {"error":{"code":403,"message":"The caller does not have permission","status":"PERMISSION_DENIED"}}
[debug] [2025-02-04T22:34:51.582Z] Request to https://firebase.googleapis.com/v1beta1/projects/calificaciones-7d23b had HTTP Error: 403, The caller does not have permission
[debug] [2025-02-04T22:34:51.709Z] FirebaseError: Request to https://firebase.googleapis.com/v1beta1/projects/calificaciones-7d23b had HTTP Error: 403, The caller does not have permission
    at responseToError (C:\Users\darts\AppData\Roaming\npm\node_modules\firebase-tools\lib\responseToError.js:52:12)
    at RetryOperation._fn (C:\Users\darts\AppData\Roaming\npm\node_modules\firebase-tools\lib\apiv2.js:312:77)
    at process.processTicksAndRejections (node:internal/process/task_queues:95:5)
[error] 
[error] Error: Failed to get Firebase project calificaciones-7d23b. Please make sure the project exists and your account has permission to access it.
